AStar.c:87:28:VisitedNodesCreate	24	static
AStar.c:95:20:VisitedNodesDestroy	16	static
AStar.c:103:19:NodeIsNull	16	static
AStar.c:108:20:NodeMake	32	static
AStar.c:113:27:NodeGetRecord	16	static
AStar.c:118:21:GetNodeKey	16	static
AStar.c:123:19:NodeIsInOpenSet	16	static
AStar.c:128:19:NodeIsInClosedSet	16	static
AStar.c:133:20:RemoveNodeFromClosedSet	16	static
AStar.c:138:20:AddNodeToClosedSet	16	static
AStar.c:143:21:GetNodeRank	24	static
AStar.c:149:21:GetNodeCost	16	static
AStar.c:159:20:SetNodeEstimatedCost	40	static
AStar.c:166:19:NodeHasEstimatedCost	16	static
AStar.c:171:20:SetNodeIsGoal	16	static
AStar.c:178:19:NodeIsGoal	16	static
AStar.c:183:20:GetParentNode	32	static
AStar.c:193:19:NodeRankCompare	40	static
AStar.c:206:21:GetPathCostHeuristic	40	static
AStar.c:215:19:NodeKeyCompare	32	static
AStar.c:224:20:GetNode	72	static
AStar.c:271:20:SwapOpenSetNodesAtIndexes	64	static
AStar.c:287:20:DidRemoveFromOpenSetAtIndex	72	static
AStar.c:310:20:RemoveNodeFromOpenSet	24	static
AStar.c:324:20:DidInsertIntoOpenSetAtIndex	48	static
AStar.c:338:20:AddNodeToOpenSet	40	static
AStar.c:365:19:HasOpenNode	16	static
AStar.c:370:20:GetOpenNode	16	static
AStar.c:375:30:NeighborListCreate	24	static
AStar.c:382:20:NeighborListDestroy	16	static
AStar.c:389:21:NeighborListGetEdgeCost	16	static
AStar.c:394:14:NeighborListGetNodeKey	16	static
AStar.c:401:6:ASNeighborListAdd	24	static
AStar.c:413:8:ASPathCreate	120	static
AStar.c:504:6:ASPathDestroy	16	static
AStar.c:509:8:ASPathCopy	24	static
AStar.c:521:7:ASPathGetCost	16	static
AStar.c:526:8:ASPathGetCount	16	static
AStar.c:531:7:ASPathGetNode	16	static
