main.c:54:13:set_buzzer	16	static
main.c:60:13:signal_cleaner_ready_for_map_receiving	8	static
main.c:64:13:signal_map_received	8	static
main.c:70:13:signal_cleaner_error	8	static
main.c:78:13:signal_obstacle_found	8	static
main.c:105:5:main	80	static
main.c:197:6:SystemClock_Config	128	static
main.c:244:13:MX_TIM2_Init	32	static
main.c:298:13:MX_USART2_UART_Init	8	static
main.c:333:13:MX_GPIO_Init	48	static
main.c:381:6:HAL_GPIO_EXTI_Callback	16	static
main.c:397:6:Error_Handler	8	static,ignoring_inline_asm
